// Jest Snapshot v1, https://goo.gl/fbAQLP

exports[`should hender Header correctly 1`] = `
<header>
  <h1>
    Boilerplate
  </h1>
  <nav>
    <ul>
      <li>
        <NavLink
          activeClassName="is-active"
          ariaCurrent="true"
          to="/dashboard"
        >
          Home
        </NavLink>
      </li>
      <li>
        <NavLink
          activeClassName="is-active"
          ariaCurrent="true"
          exact={true}
          to="/create"
        >
          Add Expense
        </NavLink>
      </li>
    </ul>
  </nav>
  <button
    onClick={[Function]}
  >
    Logout
  </button>
</header>
`;
